=== Add to Cart Debug ===
Time: 2025-12-26 15:01:30
User ID: 1, Role: customer
POST Data - Product ID: 24, Quantity: 1, Package: 1kg
Database connected successfully
Product: Celery Seeds, Base Price: 420, Multiplier: 1
Unit Price: 420, Total Price: 420
New cart item added successfully
SUCCESS: Item added to cart with package size: 1kg
=== Add to Cart Debug ===
Time: 2025-12-26 15:01:34
User ID: 1, Role: customer
POST Data - Product ID: 28, Quantity: 1, Package: 1kg
Database connected successfully
Product: Goraka, Base Price: 420, Multiplier: 1
Unit Price: 420, Total Price: 420
New cart item added successfully
SUCCESS: Item added to cart with package size: 1kg
=== Add to Cart Debug ===
Time: 2025-12-26 15:01:43
User ID: 1, Role: customer
POST Data - Product ID: 27, Quantity: 1, Package: 100g
Database connected successfully
Product: Black Mustard Seeds, Base Price: 330, Multiplier: 0.1
Unit Price: 33, Total Price: 33
New cart item added successfully
SUCCESS: Item added to cart with package size: 100g
=== Add to Cart Debug ===
Time: 2025-12-26 15:03:08
User ID: 1, Role: customer
POST Data - Product ID: 40, Quantity: 1, Package: 250g
Database connected successfully
Product: Sumac, Base Price: 580, Multiplier: 0.25
Unit Price: 145, Total Price: 145
New cart item added successfully
SUCCESS: Item added to cart with package size: 250g
=== Add to Cart Debug ===
Time: 2025-12-26 15:03:08
User ID: 1, Role: customer
POST Data - Product ID: 40, Quantity: 1, Package: 250g
Database connected successfully
Product: Sumac, Base Price: 580, Multiplier: 0.25
Unit Price: 145, Total Price: 145
Cart item updated successfully
SUCCESS: Item added to cart with package size: 250g
